Copyright 1986-2018 Xilinx, Inc. All Rights Reserved.
--------------------------------------------------------------------------------------------
| Tool Version : Vivado v.2018.2 (win64) Build 2258646 Thu Jun 14 20:03:12 MDT 2018
| Date         : Thu Mar  2 11:19:46 2023
| Host         : Aitesam-DESKTOP running 64-bit major release  (build 9200)
| Command      : report_control_sets -verbose -file ARTY_A7_wrapper_control_sets_placed.rpt
| Design       : ARTY_A7_wrapper
| Device       : xc7a35ti
--------------------------------------------------------------------------------------------

Control Set Information

Table of Contents
-----------------
1. Summary
2. Histogram
3. Flip-Flop Distribution
4. Detailed Control Set Information

1. Summary
----------

+----------------------------------------------------------+-------+
|                          Status                          | Count |
+----------------------------------------------------------+-------+
| Number of unique control sets                            |    67 |
| Unused register locations in slices containing registers |   174 |
+----------------------------------------------------------+-------+


2. Histogram
------------

+--------+--------------+
| Fanout | Control Sets |
+--------+--------------+
|      2 |            8 |
|      4 |            2 |
|      6 |            2 |
|      8 |            7 |
|     10 |            3 |
|     12 |            6 |
|     14 |            1 |
|    16+ |           38 |
+--------+--------------+


3. Flip-Flop Distribution
-------------------------

+--------------+-----------------------+------------------------+-----------------+--------------+
| Clock Enable | Synchronous Set/Reset | Asynchronous Set/Reset | Total Registers | Total Slices |
+--------------+-----------------------+------------------------+-----------------+--------------+
| No           | No                    | No                     |             452 |           83 |
| No           | No                    | Yes                    |              58 |            9 |
| No           | Yes                   | No                     |             556 |          104 |
| Yes          | No                    | No                     |             410 |           53 |
| Yes          | No                    | Yes                    |              30 |            8 |
| Yes          | Yes                   | No                     |            1232 |          193 |
+--------------+-----------------------+------------------------+-----------------+--------------+


4. Detailed Control Set Information
-----------------------------------

+------------------------------------------------------------+-----------------------------------------------------------------------------------------------------------------------------------------------------------------------------------------------------------+-----------------------------------------------------------------------------------------------------------------------------------------------+------------------+----------------+
|                        Clock Signal                        |                                                                                               Enable Signal                                                                                               |                                                                Set/Reset Signal                                                               | Slice Load Count | Bel Load Count |
+------------------------------------------------------------+-----------------------------------------------------------------------------------------------------------------------------------------------------------------------------------------------------------+-----------------------------------------------------------------------------------------------------------------------------------------------+------------------+----------------+
|  ARTY_A7_i/mdm_1/U0/Use_E2.BSCAN_I/Ext_JTAG_UPDATE         | ARTY_A7_i/microblaze_0/U0/MicroBlaze_Core_I/Performance.Core/Use_Debug_Logic.Master_Core.Debug_Perf/Control_Reg_En                                                                                        | ARTY_A7_i/microblaze_0/U0/MicroBlaze_Core_I/Performance.Core/Use_Debug_Logic.Master_Core.Debug_Perf/start_single_step_reg_n_0                 |                1 |              2 |
|  ARTY_A7_i/mdm_1/U0/Use_E2.BSCAN_I/Ext_JTAG_UPDATE         | ARTY_A7_i/microblaze_0/U0/MicroBlaze_Core_I/Performance.Core/Use_Debug_Logic.Master_Core.Debug_Perf/Control_Reg_En                                                                                        | ARTY_A7_i/microblaze_0/U0/MicroBlaze_Core_I/Performance.Core/Use_Debug_Logic.Master_Core.Debug_Perf/Serial_Dbg_Intf.continue_from_brk_reg_n_0 |                1 |              2 |
|  ARTY_A7_i/mdm_1/U0/Use_E2.BSCAN_I/Ext_JTAG_UPDATE         | ARTY_A7_i/microblaze_0/U0/MicroBlaze_Core_I/Performance.Core/Use_Debug_Logic.Master_Core.Debug_Perf/Control_Reg_En                                                                                        | ARTY_A7_i/microblaze_0/U0/MicroBlaze_Core_I/Performance.Core/Use_Debug_Logic.Master_Core.Debug_Perf/Serial_Dbg_Intf.force_stop_cmd_i_reg_n_0  |                1 |              2 |
|  ARTY_A7_i/mdm_1/U0/Use_E2.BSCAN_I/Ext_JTAG_UPDATE         | ARTY_A7_i/microblaze_0/U0/MicroBlaze_Core_I/Performance.Core/Use_Debug_Logic.Master_Core.Debug_Perf/Control_Reg_En                                                                                        | ARTY_A7_i/microblaze_0/U0/MicroBlaze_Core_I/Performance.Core/Use_Debug_Logic.Master_Core.Debug_Perf/Serial_Dbg_Intf.normal_stop_cmd_i_reg_n_0 |                1 |              2 |
| ~ARTY_A7_i/mdm_1/U0/Use_E2.BSCAN_I/Ext_JTAG_UPDATE         |                                                                                                                                                                                                           | ARTY_A7_i/mdm_1/U0/MDM_Core_I1/JTAG_CONTROL_I/sel_n                                                                                           |                1 |              2 |
|  ARTY_A7_i/clk_wiz_0/inst/clk_out1                         |                                                                                                                                                                                                           | ARTY_A7_i/microblaze_0/U0/MicroBlaze_Core_I/Performance.Core/Use_Debug_Logic.Master_Core.Debug_Perf/capture_1                                 |                1 |              2 |
| ~ARTY_A7_i/mdm_1/U0/No_Dbg_Reg_Access.BUFG_DRCK/Dbg_Clk_31 | ARTY_A7_i/mdm_1/U0/MDM_Core_I1/JTAG_CONTROL_I/Use_BSCAN.FDC_I/CE                                                                                                                                          | ARTY_A7_i/mdm_1/U0/MDM_Core_I1/JTAG_CONTROL_I/Use_BSCAN.FDC_I/D_1                                                                             |                1 |              2 |
|  ARTY_A7_i/mdm_1/U0/No_Dbg_Reg_Access.BUFG_DRCK/Dbg_Clk_31 | ARTY_A7_i/mdm_1/U0/Use_E2.BSCAN_I/Dbg_Capture_0                                                                                                                                                           | ARTY_A7_i/mdm_1/U0/MDM_Core_I1/JTAG_CONTROL_I/sel_with_scan_reset19_out                                                                       |                1 |              2 |
|  ARTY_A7_i/mdm_1/U0/Use_E2.BSCAN_I/Ext_JTAG_UPDATE         | ARTY_A7_i/microblaze_0/U0/MicroBlaze_Core_I/Performance.Core/Use_Debug_Logic.Master_Core.Debug_Perf/Command_Reg_En                                                                                        | ARTY_A7_i/microblaze_0/U0/MicroBlaze_Core_I/Performance.Core/Use_Debug_Logic.Master_Core.Debug_Perf/command_reg_clear                         |                1 |              4 |
|  ARTY_A7_i/clk_wiz_0/inst/clk_out1                         | ARTY_A7_i/microblaze_0/U0/MicroBlaze_Core_I/Performance.Core/Decode_I/Use_MuxCy[10].OF_Piperun_Stage/MUXCY_I/lopt_1                                                                                       |                                                                                                                                               |                1 |              4 |
|  ARTY_A7_i/mdm_1/U0/Use_E2.BSCAN_I/Ext_JTAG_UPDATE         |                                                                                                                                                                                                           |                                                                                                                                               |                2 |              6 |
|  ARTY_A7_i/clk_wiz_0/inst/clk_out1                         | ARTY_A7_i/axi_intc_0/U0/AXI_LITE_IPIF_I/I_SLAVE_ATTACHMENT/s_axi_rresp_i                                                                                                                                  | ARTY_A7_i/axi_intc_0/U0/AXI_LITE_IPIF_I/I_SLAVE_ATTACHMENT/rst                                                                                |                2 |              6 |
|  ARTY_A7_i/mdm_1/U0/Use_E2.BSCAN_I/Ext_JTAG_UPDATE         | ARTY_A7_i/mdm_1/U0/MDM_Core_I1/MDM_SEL                                                                                                                                                                    | ARTY_A7_i/mdm_1/U0/Use_E2.BSCAN_I/AR[0]                                                                                                       |                1 |              8 |
|  ARTY_A7_i/clk_wiz_0/inst/clk_out1                         |                                                                                                                                                                                                           | ARTY_A7_i/microblaze_0/U0/MicroBlaze_Core_I/Performance.Core/Decode_I/flush_pipe                                                              |                2 |              8 |
| ~ARTY_A7_i/mdm_1/U0/Use_E2.BSCAN_I/Ext_JTAG_UPDATE         |                                                                                                                                                                                                           | ARTY_A7_i/mdm_1/U0/Use_E2.BSCAN_I/AR[0]                                                                                                       |                1 |              8 |
|  ARTY_A7_i/clk_wiz_0/inst/clk_out1                         | ARTY_A7_i/axi_uartlite_0/U0/UARTLITE_CORE_I/BAUD_RATE_I/en_16x_Baud                                                                                                                                       |                                                                                                                                               |                2 |              8 |
|  ARTY_A7_i/clk_wiz_0/inst/clk_out1                         | ARTY_A7_i/axi_uartlite_0/U0/AXI_LITE_IPIF_I/I_SLAVE_ATTACHMENT/start2                                                                                                                                     | ARTY_A7_i/axi_uartlite_0/U0/AXI_LITE_IPIF_I/I_SLAVE_ATTACHMENT/I_DECODER/cs_ce_clr                                                            |                1 |              8 |
|  ARTY_A7_i/mdm_1/U0/No_Dbg_Reg_Access.BUFG_DRCK/Dbg_Clk_31 | ARTY_A7_i/mdm_1/U0/MDM_Core_I1/p_3_out                                                                                                                                                                    | ARTY_A7_i/mdm_1/U0/Use_E2.BSCAN_I/AR[0]                                                                                                       |                1 |              8 |
|  ARTY_A7_i/clk_wiz_0/inst/clk_out1                         |                                                                                                                                                                                                           | ARTY_A7_i/axi_intc_0/U0/AXI_LITE_IPIF_I/I_SLAVE_ATTACHMENT/clear                                                                              |                1 |              8 |
|  ARTY_A7_i/clk_wiz_0/inst/clk_out1                         | ARTY_A7_i/microblaze_0/U0/MicroBlaze_Core_I/Performance.Core/Decode_I/wb_Halted                                                                                                                           | ARTY_A7_i/microblaze_0/U0/MicroBlaze_Core_I/sync_reset                                                                                        |                2 |             10 |
|  ARTY_A7_i/mdm_1/U0/Use_E2.BSCAN_I/Ext_JTAG_UPDATE         | ARTY_A7_i/microblaze_0/U0/MicroBlaze_Core_I/Performance.Core/Use_Debug_Logic.Master_Core.Debug_Perf/Control_Reg_En                                                                                        |                                                                                                                                               |                2 |             10 |
|  ARTY_A7_i/clk_wiz_0/inst/clk_out1                         |                                                                                                                                                                                                           | ARTY_A7_i/rst_clk_wiz_0_100M/U0/EXT_LPF/lpf_int                                                                                               |                1 |             10 |
|  ARTY_A7_i/clk_wiz_0/inst/clk_out1                         |                                                                                                                                                                                                           | ARTY_A7_i/axi_uartlite_0/U0/UARTLITE_CORE_I/UARTLITE_RX_I/SRL_FIFO_I/I_SRL_FIFO_RBU_F/CNTR_INCR_DECR_ADDN_F_I/SS[0]                           |                2 |             12 |
|  ARTY_A7_i/clk_wiz_0/inst/clk_out1                         | ARTY_A7_i/rst_clk_wiz_0_100M/U0/SEQ/seq_cnt_en                                                                                                                                                            | ARTY_A7_i/rst_clk_wiz_0_100M/U0/SEQ/SEQ_COUNTER/clear                                                                                         |                1 |             12 |
|  ARTY_A7_i/mdm_1/U0/No_Dbg_Reg_Access.BUFG_DRCK/Dbg_Clk_31 | ARTY_A7_i/mdm_1/U0/MDM_Core_I1/JTAG_CONTROL_I/Use_BSCAN.FDC_I/Use_Serial_Unified_Completion.sample_1_reg[10][0]                                                                                           |                                                                                                                                               |                3 |             12 |
|  ARTY_A7_i/clk_wiz_0/inst/clk_out1                         |                                                                                                                                                                                                           | ARTY_A7_i/axi_uartlite_0/U0/UARTLITE_CORE_I/UARTLITE_TX_I/SRL_FIFO_I/I_SRL_FIFO_RBU_F/CNTR_INCR_DECR_ADDN_F_I/SS[0]                           |                3 |             12 |
|  ARTY_A7_i/mdm_1/U0/No_Dbg_Reg_Access.BUFG_DRCK/Dbg_Clk_31 | ARTY_A7_i/mdm_1/U0/Use_E2.BSCAN_I/E[0]                                                                                                                                                                    |                                                                                                                                               |                1 |             12 |
|  ARTY_A7_i/mdm_1/U0/No_Dbg_Reg_Access.BUFG_DRCK/Dbg_Clk_31 | ARTY_A7_i/mdm_1/U0/Use_E2.BSCAN_I/Use_Serial_Unified_Completion.count_reg[5][0]                                                                                                                           |                                                                                                                                               |                3 |             12 |
|  ARTY_A7_i/clk_wiz_0/inst/clk_out1                         | ARTY_A7_i/axi_uartlite_0/U0/UARTLITE_CORE_I/BAUD_RATE_I/en_16x_Baud                                                                                                                                       | ARTY_A7_i/axi_uartlite_0/U0/UARTLITE_CORE_I/UARTLITE_RX_I/SERIAL_TO_PARALLEL[8].fifo_din[8]_i_1_n_0                                           |                2 |             14 |
|  ARTY_A7_i/mdm_1/U0/Use_E2.BSCAN_I/Ext_JTAG_UPDATE         | ARTY_A7_i/mdm_1/U0/MDM_Core_I1/JTAG_CONTROL_I/Use_BSCAN.FDC_I/command_1_reg[7]_0[0]                                                                                                                       |                                                                                                                                               |                1 |             16 |
| ~ARTY_A7_i/mdm_1/U0/Use_E2.BSCAN_I/Ext_JTAG_UPDATE         | ARTY_A7_i/mdm_1/U0/MDM_Core_I1/JTAG_CONTROL_I/Use_BSCAN.command[0]_i_1_n_0                                                                                                                                |                                                                                                                                               |                2 |             16 |
|  ARTY_A7_i/clk_wiz_0/inst/clk_out1                         | ARTY_A7_i/axi_uartlite_0/U0/UARTLITE_CORE_I/UARTLITE_RX_I/SRL_FIFO_I/I_SRL_FIFO_RBU_F/DYNSHREG_F_I/fifo_wr                                                                                                |                                                                                                                                               |                1 |             16 |
|  ARTY_A7_i/clk_wiz_0/inst/clk_out1                         | ARTY_A7_i/axi_intc_0/U0/AXI_LITE_IPIF_I/I_SLAVE_ATTACHMENT/bus2ip_addr_i[8]_i_1_n_0                                                                                                                       | ARTY_A7_i/axi_intc_0/U0/AXI_LITE_IPIF_I/I_SLAVE_ATTACHMENT/rst                                                                                |                2 |             16 |
|  ARTY_A7_i/mdm_1/U0/No_Dbg_Reg_Access.BUFG_DRCK/Dbg_Clk_31 | ARTY_A7_i/microblaze_0/U0/MicroBlaze_Core_I/Performance.Core/Use_Debug_Logic.Master_Core.Debug_Perf/Using_PC_Breakpoints.All_PC_Brks[0].Serial_Interface_1.address_hit_I/Compare[0].SRLC16E_I/which_pc__0 |                                                                                                                                               |                7 |             16 |
|  ARTY_A7_i/mdm_1/U0/No_Dbg_Reg_Access.BUFG_DRCK/Dbg_Clk_31 | ARTY_A7_i/mdm_1/U0/MDM_Core_I1/JTAG_CONTROL_I/tdi_shifter0                                                                                                                                                |                                                                                                                                               |                2 |             16 |
|  ARTY_A7_i/clk_wiz_0/inst/clk_out1                         | ARTY_A7_i/axi_uartlite_0/U0/AXI_LITE_IPIF_I/I_SLAVE_ATTACHMENT/I_DECODER/fifo_wr                                                                                                                          |                                                                                                                                               |                1 |             16 |
|  ARTY_A7_i/clk_wiz_0/inst/clk_out1                         | ARTY_A7_i/axi_uartlite_0/U0/AXI_LITE_IPIF_I/I_SLAVE_ATTACHMENT/s_axi_rresp_i                                                                                                                              | ARTY_A7_i/axi_uartlite_0/U0/AXI_LITE_IPIF_I/I_SLAVE_ATTACHMENT/rst                                                                            |                4 |             16 |
|  ARTY_A7_i/clk_wiz_0/inst/clk_out1                         |                                                                                                                                                                                                           | ARTY_A7_i/axi_intc_0/U0/INTC_CORE_I/p_0_in                                                                                                    |                4 |             18 |
|  ARTY_A7_i/mdm_1/U0/No_Dbg_Reg_Access.BUFG_DRCK/Dbg_Clk_31 | ARTY_A7_i/mdm_1/U0/MDM_Core_I1/JTAG_CONTROL_I/Use_BSCAN.FDC_I/E[0]                                                                                                                                        |                                                                                                                                               |                3 |             20 |
|  ARTY_A7_i/clk_wiz_0/inst/clk_out1                         |                                                                                                                                                                                                           | ARTY_A7_i/axi_uartlite_0/U0/AXI_LITE_IPIF_I/I_SLAVE_ATTACHMENT/rst                                                                            |                4 |             20 |
|  ARTY_A7_i/clk_wiz_0/inst/clk_out1                         |                                                                                                                                                                                                           | ARTY_A7_i/axi_intc_0/U0/AXI_LITE_IPIF_I/I_SLAVE_ATTACHMENT/rst                                                                                |                4 |             22 |
|  ARTY_A7_i/clk_wiz_0/inst/clk_out1                         |                                                                                                                                                                                                           | ARTY_A7_i/microblaze_0_axi_periph/xbar/inst/gen_sasd.crossbar_sasd_0/addr_arbiter_inst/SR[0]                                                  |                6 |             22 |
|  ARTY_A7_i/clk_wiz_0/inst/clk_out1                         | ARTY_A7_i/microblaze_0/U0/MicroBlaze_Core_I/Performance.Core/Decode_I/PreFetch_Buffer_I1/Instruction_Prefetch_Mux[4].Gen_Instr_DFF/imm_reg_reg[15][0]                                                     | ARTY_A7_i/microblaze_0/U0/MicroBlaze_Core_I/sync_reset                                                                                        |                4 |             32 |
|  ARTY_A7_i/clk_wiz_0/inst/clk_out1                         | ARTY_A7_i/axi_intc_0/U0/AXI_LITE_IPIF_I/I_SLAVE_ATTACHMENT/start2                                                                                                                                         | ARTY_A7_i/axi_intc_0/U0/AXI_LITE_IPIF_I/I_SLAVE_ATTACHMENT/I_DECODER/cs_ce_clr                                                                |                4 |             34 |
|  ARTY_A7_i/clk_wiz_0/inst/clk_out1                         | ARTY_A7_i/microblaze_0/U0/MicroBlaze_Core_I/Performance.Core/mem_databus_ready_sel_carry_or/MUXCY_I/lopt_4                                                                                                | ARTY_A7_i/microblaze_0/U0/MicroBlaze_Core_I/sync_reset                                                                                        |                6 |             42 |
|  ARTY_A7_i/mdm_1/U0/No_Dbg_Reg_Access.BUFG_DRCK/Dbg_Clk_31 |                                                                                                                                                                                                           | ARTY_A7_i/mdm_1/U0/Use_E2.BSCAN_I/shift_n_reset1_out                                                                                          |                6 |             46 |
|  ARTY_A7_i/clk_wiz_0/inst/clk_out1                         | ARTY_A7_i/microblaze_0_axi_periph/xbar/inst/gen_sasd.crossbar_sasd_0/addr_arbiter_inst/p_0_in1_in                                                                                                         | ARTY_A7_i/microblaze_0_axi_periph/xbar/inst/gen_sasd.crossbar_sasd_0/addr_arbiter_inst/SR[0]                                                  |                4 |             46 |
|  ARTY_A7_i/clk_wiz_0/inst/clk_out1                         |                                                                                                                                                                                                           | ARTY_A7_i/axi_uartlite_0/U0/UARTLITE_CORE_I/UARTLITE_RX_I/SR[0]                                                                               |                8 |             54 |
|  ARTY_A7_i/clk_wiz_0/inst/clk_out1                         | ARTY_A7_i/axi_uartlite_0/U0/UARTLITE_CORE_I/BAUD_RATE_I/en_16x_Baud                                                                                                                                       | ARTY_A7_i/axi_uartlite_0/U0/UARTLITE_CORE_I/UARTLITE_RX_I/SR[0]                                                                               |                6 |             56 |
|  ARTY_A7_i/mdm_1/U0/No_Dbg_Reg_Access.BUFG_DRCK/Dbg_Clk_31 | ARTY_A7_i/microblaze_0/U0/MicroBlaze_Core_I/Performance.Core/Use_Debug_Logic.Master_Core.Debug_Perf/New_Dbg_Instr_TCK                                                                                     |                                                                                                                                               |               10 |             64 |
|  ARTY_A7_i/clk_wiz_0/inst/clk_out1                         |                                                                                                                                                                                                           | ARTY_A7_i/microblaze_0/U0/MicroBlaze_Core_I/Performance.Core/p_1_out                                                                          |                7 |             64 |
|  ARTY_A7_i/clk_wiz_0/inst/clk_out1                         | ARTY_A7_i/microblaze_0/U0/MicroBlaze_Core_I/Performance.Core/Decode_I/Use_MuxCy[2].OF_Piperun_Stage/MUXCY_I/lopt_1                                                                                        | ARTY_A7_i/microblaze_0/U0/MicroBlaze_Core_I/Performance.Core/Decode_I/R                                                                       |               16 |             64 |
|  ARTY_A7_i/clk_wiz_0/inst/clk_out1                         | ARTY_A7_i/microblaze_0/U0/MicroBlaze_Core_I/Performance.Core/mem_databus_ready_sel_carry_or/MUXCY_I/lopt_4                                                                                                |                                                                                                                                               |                7 |             64 |
|  ARTY_A7_i/clk_wiz_0/inst/clk_out1                         | ARTY_A7_i/microblaze_0/U0/MicroBlaze_Core_I/Performance.Core/Decode_I/Use_MuxCy[3].OF_Piperun_Stage/MUXCY_I/mem_pc_i_reg[0][0]                                                                            | ARTY_A7_i/microblaze_0/U0/MicroBlaze_Core_I/sync_reset                                                                                        |                6 |             64 |
|  ARTY_A7_i/clk_wiz_0/inst/clk_out1                         | ARTY_A7_i/microblaze_0/U0/MicroBlaze_Core_I/Performance.Core/Decode_I/PreFetch_Buffer_I1/Gen_Mux_Select_LUT6[2].Gen_Sel_DFF/if_pc_reg[0][0]                                                               | ARTY_A7_i/microblaze_0/U0/MicroBlaze_Core_I/sync_reset                                                                                        |                6 |             64 |
|  ARTY_A7_i/clk_wiz_0/inst/clk_out1                         | ARTY_A7_i/microblaze_0/U0/MicroBlaze_Core_I/Performance.Core/Use_Debug_Logic.Master_Core.Debug_Perf/data_rd_reg[0]_i_1_n_0                                                                                | ARTY_A7_i/microblaze_0/U0/MicroBlaze_Core_I/sync_reset                                                                                        |                9 |             64 |
|  ARTY_A7_i/clk_wiz_0/inst/clk_out1                         | ARTY_A7_i/microblaze_0_axi_periph/xbar/inst/gen_sasd.crossbar_sasd_0/reg_slice_r/s_axi_rvalid[0]                                                                                                          | ARTY_A7_i/microblaze_0/U0/MicroBlaze_Core_I/sync_reset                                                                                        |                9 |             64 |
|  ARTY_A7_i/clk_wiz_0/inst/clk_out1                         | ARTY_A7_i/microblaze_0/U0/MicroBlaze_Core_I/Performance.Core/mem_databus_ready_sel_carry_or/MUXCY_I/lopt_4                                                                                                | ARTY_A7_i/microblaze_0/U0/MicroBlaze_Core_I/Performance.Core/Decode_I/SR[0]                                                                   |                9 |             64 |
|  ARTY_A7_i/clk_wiz_0/inst/clk_out1                         | ARTY_A7_i/microblaze_0_axi_periph/xbar/inst/gen_sasd.crossbar_sasd_0/addr_arbiter_inst/E[0]                                                                                                               |                                                                                                                                               |                6 |             66 |
|  ARTY_A7_i/mdm_1/U0/No_Dbg_Reg_Access.BUFG_DRCK/Dbg_Clk_31 | ARTY_A7_i/mdm_1/U0/Use_E2.BSCAN_I/Dbg_Capture_0                                                                                                                                                           |                                                                                                                                               |               11 |             94 |
|  ARTY_A7_i/clk_wiz_0/inst/clk_out1                         | ARTY_A7_i/microblaze_0/U0/MicroBlaze_Core_I/Performance.Core/Decode_I/Use_MuxCy[2].OF_Piperun_Stage/MUXCY_I/lopt_1                                                                                        | ARTY_A7_i/microblaze_0/U0/MicroBlaze_Core_I/sync_reset                                                                                        |               23 |            112 |
|  ARTY_A7_i/clk_wiz_0/inst/clk_out1                         | ARTY_A7_i/microblaze_0/U0/MicroBlaze_Core_I/Performance.Core/Decode_I/PreFetch_Buffer_I1/Instruction_Prefetch_Mux[42].Instr_Mux_MUXF7/Using_FPGA.Native_0                                                 |                                                                                                                                               |               11 |            150 |
|  ARTY_A7_i/mdm_1/U0/No_Dbg_Reg_Access.BUFG_DRCK/Dbg_Clk_31 |                                                                                                                                                                                                           |                                                                                                                                               |               25 |            160 |
|  ARTY_A7_i/clk_wiz_0/inst/clk_out1                         | ARTY_A7_i/microblaze_0/U0/MicroBlaze_Core_I/Performance.Core/Decode_I/mb_halted_1_reg[27]                                                                                                                 |                                                                                                                                               |               16 |            256 |
|  ARTY_A7_i/clk_wiz_0/inst/clk_out1                         |                                                                                                                                                                                                           | ARTY_A7_i/microblaze_0/U0/MicroBlaze_Core_I/sync_reset                                                                                        |               62 |            306 |
|  ARTY_A7_i/clk_wiz_0/inst/clk_out1                         |                                                                                                                                                                                                           |                                                                                                                                               |               63 |            320 |
|  ARTY_A7_i/clk_wiz_0/inst/clk_out1                         | ARTY_A7_i/microblaze_0/U0/MicroBlaze_Core_I/Performance.Core/Decode_I/Use_MuxCy[10].OF_Piperun_Stage/MUXCY_I/lopt_1                                                                                       | ARTY_A7_i/microblaze_0/U0/MicroBlaze_Core_I/sync_reset                                                                                        |               76 |            442 |
+------------------------------------------------------------+-----------------------------------------------------------------------------------------------------------------------------------------------------------------------------------------------------------+-----------------------------------------------------------------------------------------------------------------------------------------------+------------------+----------------+


